// Jest Snapshot v1, https://goo.gl/fbAQLP

exports[`renders a snapshot 1`] = `
<div>
  <div
    className="card"
    style={
      Object {
        "width": "18rem",
      }
    }
  >
    <img
      className="card-img-top"
      src="https://avatars.githubusercontent.com/u/90865585?v=4"
    />
    <div
      className="card-body"
    >
      <div
        className="card-title h5"
      >
        Julesdj
      </div>
      <p
        className="card-text"
      >
        Some quick example text to build on the card title and make up the bulk of the card's content.
      </p>
      <button
        className="btn btn-primary"
        disabled={false}
        type="button"
      >
        GitHubCard
      </button>
    </div>
  </div>
</div>
`;
